<?xml version="1.0" encoding="UTF-8"?>
<testsuites name="jest tests" tests="3" failures="0" time="1.837">
  <testsuite name="mockingoose" errors="0" failures="0" skipped="0" timestamp="2020-04-13T15:08:44" time="1.622" tests="3">
    <testcase classname="mockingoose Explicit Tests Should validate" name="mockingoose Explicit Tests Should validate" time="0.008">
    </testcase>
    <testcase classname="mockingoose Explicit Tests Should find" name="mockingoose Explicit Tests Should find" time="0.002">
    </testcase>
    <testcase classname="mockingoose Explicit Tests Should error when no name" name="mockingoose Explicit Tests Should error when no name" time="0.001">
    </testcase>
  </testsuite>
</testsuites>